javac : warning: [path] bad path element ".\classes": no such file or directory
At line:1 char:1
+ javac -verbose -Xlint:all -d target/classes src/main/java/Algos/*.jav ...
+ ~~~~~~~~~~~~~~~~~~~~~~~~~~~~~~~~~~~~~~~~~~~~~~~~~~~~~~~~~~~~~~~~~~~~~
    + CategoryInfo          : NotSpecified: (warning: [path]...le or directory:String) [], RemoteException
    + FullyQualifiedErrorId : NativeCommandError
 
[parsing started SimpleFileObject[C:\Users\Leon\Desktop\JAVA\WeatherAppProject\src\main\java\Algos\AlgoCache.java]]
[parsing completed 11ms]
[parsing started SimpleFileObject[C:\Users\Leon\Desktop\JAVA\WeatherAppProject\src\main\java\Algos\CacheClient.java]]
[parsing completed 8ms]
[parsing started SimpleFileObject[C:\Users\Leon\Desktop\JAVA\WeatherAppProject\src\main\java\Algos\CacheContext.java]]
[parsing completed 1ms]
[parsing started SimpleFileObject[C:\Users\Leon\Desktop\JAVA\WeatherAppProject\src\main\java\Algos\CacheGUI.java]]
[parsing completed 9ms]
[parsing started SimpleFileObject[C:\Users\Leon\Desktop\JAVA\WeatherAppProject\src\main\java\Algos\CacheServer.java]]
[parsing completed 2ms]
[parsing started SimpleFileObject[C:\Users\Leon\Desktop\JAVA\WeatherAppProject\src\main\java\Algos\LRUCache.java]]
[parsing completed 2ms]
[parsing started SimpleFileObject[C:\Users\Leon\Desktop\JAVA\WeatherAppProject\src\main\java\Algos\Main.java]]
[parsing completed 4ms]
[parsing started SimpleFileObject[C:\Users\Leon\Desktop\JAVA\WeatherAppProject\src\main\java\Algos\RandomCache.java]]
[parsing completed 1ms]
[parsing started SimpleFileObject[C:\Users\Leon\Desktop\JAVA\WeatherAppProject\src\main\java\Algos\SecondChanceCache.java]]
[parsing completed 1ms]
[loading /modules/java.base/module-info.class]
[loading /modules/jdk.management.jfr/module-info.class]
[loading /modules/java.management.rmi/module-info.class]
[loading /modules/jdk.dynalink/module-info.class]
[loading /modules/jdk.httpserver/module-info.class]
[loading /modules/java.smartcardio/module-info.class]
[loading /modules/java.sql.rowset/module-info.class]
[loading /modules/jdk.sctp/module-info.class]
[loading /modules/jdk.hotspot.agent/module-info.class]
[loading /modules/jdk.internal.jvmstat/module-info.class]
[loading /modules/jdk.jfr/module-info.class]
[loading /modules/jdk.jconsole/module-info.class]
[loading /modules/java.prefs/module-info.class]
[loading /modules/jdk.nio.mapmode/module-info.class]
[loading /modules/jdk.naming.rmi/module-info.class]
[loading /modules/jdk.xml.dom/module-info.class]
[loading /modules/jdk.compiler/module-info.class]
[loading /modules/jdk.internal.ed/module-info.class]
[loading /modules/java.xml.crypto/module-info.class]
[loading /modules/jdk.jstatd/module-info.class]
[loading /modules/java.naming/module-info.class]
[loading /modules/jdk.charsets/module-info.class]
[loading /modules/java.scripting/module-info.class]
[loading /modules/jdk.unsupported/module-info.class]
[loading /modules/java.security.sasl/module-info.class]
[loading /modules/jdk.jlink/module-info.class]
[loading /modules/jdk.internal.md/module-info.class]
[loading /modules/jdk.jshell/module-info.class]
[loading /modules/jdk.internal.le/module-info.class]
[loading /modules/java.management/module-info.class]
[loading /modules/java.instrument/module-info.class]
[loading /modules/java.transaction.xa/module-info.class]
[loading /modules/jdk.graal.compiler.lib/module-info.class]
[loading /modules/java.datatransfer/module-info.class]
[loading /modules/jdk.graal.compiler/module-info.class]
[loading /modules/jdk.incubator.vector/module-info.class]
[loading /modules/java.net.http/module-info.class]
[loading /modules/java.desktop/module-info.class]
[loading /modules/jdk.crypto.mscapi/module-info.class]
[loading /modules/java.xml/module-info.class]
[loading /modules/jdk.jsobject/module-info.class]
[loading /modules/jdk.management.agent/module-info.class]
[loading /modules/jdk.jdi/module-info.class]
[loading /modules/jdk.management/module-info.class]
[loading /modules/java.rmi/module-info.class]
[loading /modules/jdk.naming.dns/module-info.class]
[loading /modules/java.se/module-info.class]
[loading /modules/jdk.security.auth/module-info.class]
[loading /modules/jdk.attach/module-info.class]
[loading /modules/jdk.security.jgss/module-info.class]
[loading /modules/jdk.accessibility/module-info.class]
[loading /modules/jdk.jdeps/module-info.class]
[loading /modules/jdk.jpackage/module-info.class]
[loading /modules/jdk.jcmd/module-info.class]
[loading /modules/jdk.unsupported.desktop/module-info.class]
[loading /modules/jdk.crypto.ec/module-info.class]
[loading /modules/jdk.internal.opt/module-info.class]
[loading /modules/jdk.localedata/module-info.class]
[loading /modules/jdk.graal.compiler.management/module-info.class]
[loading /modules/java.security.jgss/module-info.class]
[loading /modules/jdk.jdwp.agent/module-info.class]
[loading /modules/java.sql/module-info.class]
[loading /modules/jdk.zipfs/module-info.class]
[loading /modules/jdk.javadoc/module-info.class]
[loading /modules/jdk.crypto.cryptoki/module-info.class]
[loading /modules/jdk.jartool/module-info.class]
[loading /modules/jdk.editpad/module-info.class]
[loading /modules/jdk.net/module-info.class]
[loading /modules/java.logging/module-info.class]
[loading /modules/jdk.internal.vm.ci/module-info.class]
[loading /modules/java.compiler/module-info.class]
[search path for source files: .\classes]
[search path for class files: C:\Program Files\Java\jdk-24\lib\modules,.\classes]
[loading /modules/java.base/java/lang/Object.class]
[loading /modules/java.base/java/lang/String.class]
[loading /modules/java.base/java/util/Scanner.class]
[loading /modules/java.desktop/javax/swing/JFrame.class]
[loading /modules/java.desktop/javax/swing/WindowConstants.class]
[loading /modules/java.desktop/javax/accessibility/Accessible.class]
[loading /modules/java.desktop/javax/swing/RootPaneContainer.class]
[loading /modules/java.desktop/javax/swing/TransferHandler.class]
[loading /modules/java.desktop/javax/swing/TransferHandler$HasGetTransferHandler.class]
[loading /modules/java.base/java/io/Serializable.class]
[loading /modules/java.desktop/java/awt/Frame.class]
[loading /modules/java.desktop/java/awt/MenuContainer.class]
[loading /modules/java.desktop/java/awt/Window.class]
[loading /modules/java.desktop/java/awt/Container.class]
[loading /modules/java.desktop/java/awt/Component.class]
[loading /modules/java.desktop/java/awt/image/ImageObserver.class]
[loading /modules/java.desktop/javax/swing/JTextArea.class]
[loading /modules/java.desktop/javax/swing/JTextField.class]
[loading /modules/java.desktop/javax/swing/JComboBox.class]
[loading /modules/java.base/java/util/LinkedHashMap.class]
[loading /modules/java.base/java/util/Map.class]
[loading /modules/java.base/java/util/ArrayList.class]
[loading /modules/java.base/java/util/HashMap.class]
[loading /modules/java.base/java/util/List.class]
[loading /modules/java.base/java/util/Random.class]
[loading /modules/java.base/java/lang/Boolean.class]
[loading /modules/java.base/java/lang/Deprecated.class]
[loading /modules/java.base/java/lang/Override.class]
[loading /modules/java.base/java/lang/annotation/Annotation.class]
[loading /modules/java.desktop/java/beans/JavaBean.class]
[loading /modules/java.desktop/javax/swing/SwingContainer.class]
[loading /modules/java.desktop/java/beans/BeanProperty.class]
[loading /modules/java.base/java/lang/annotation/Retention.class]
[loading /modules/java.base/java/lang/annotation/RetentionPolicy.class]
[loading /modules/java.base/java/lang/annotation/Target.class]
[loading /modules/java.base/java/lang/annotation/ElementType.class]
[checking Algos.AlgoCache]
[loading /modules/java.base/java/lang/AutoCloseable.class]
[wrote target\classes\Algos\AlgoCache.class]
[checking Algos.CacheClient]
[loading /modules/java.base/java/lang/System.class]
[loading /modules/java.base/java/io/InputStream.class]
[loading /modules/java.base/java/nio/channels/ReadableByteChannel.class]
[loading /modules/java.base/java/io/Closeable.class]
[loading /modules/java.base/java/nio/file/Path.class]
[loading /modules/java.base/java/io/File.class]
[loading /modules/java.base/java/lang/Readable.class]
[loading /modules/java.base/java/util/Iterator.class]
[loading /modules/java.base/java/lang/Error.class]
[loading /modules/java.base/java/lang/InterruptedException.class]
[loading /modules/java.base/java/lang/Exception.class]
[loading /modules/java.base/java/lang/Throwable.class]
[loading /modules/java.base/java/lang/RuntimeException.class]
[loading /modules/java.base/java/io/PrintStream.class]
[loading /modules/java.base/java/lang/Appendable.class]
[loading /modules/java.base/java/io/FilterOutputStream.class]
[loading /modules/java.base/java/io/OutputStream.class]
[loading /modules/java.base/java/io/Flushable.class]
[loading /modules/java.base/java/lang/Comparable.class]
[loading /modules/java.base/java/lang/CharSequence.class]
[loading /modules/java.base/java/lang/constant/Constable.class]
[loading /modules/java.base/java/lang/constant/ConstantDesc.class]
[loading /modules/java.base/java/lang/Byte.class]
[loading /modules/java.base/java/lang/Character.class]
[loading /modules/java.base/java/lang/Short.class]
[loading /modules/java.base/java/lang/Long.class]
[loading /modules/java.base/java/lang/Float.class]
[loading /modules/java.base/java/lang/Integer.class]
[loading /modules/java.base/java/lang/Double.class]
[loading /modules/java.base/java/lang/Void.class]
[loading /modules/java.base/java/net/Socket.class]
[loading /modules/java.base/java/net/InetAddress.class]
[loading /modules/java.base/java/io/IOException.class]
[loading /modules/java.base/java/io/PrintWriter.class]
[loading /modules/java.base/java/nio/charset/Charset.class]
[loading /modules/java.base/java/io/Writer.class]
[loading /modules/java.base/java/io/BufferedReader.class]
[loading /modules/java.base/java/io/InputStreamReader.class]
[loading /modules/java.base/java/io/Reader.class]
[loading /modules/java.base/java/net/UnknownHostException.class]
[loading /modules/java.base/java/lang/invoke/StringConcatFactory.class]
[loading /modules/java.base/java/lang/invoke/MethodHandles.class]
[loading /modules/java.base/java/lang/invoke/MethodHandles$Lookup.class]
[loading /modules/java.base/java/lang/invoke/MethodType.class]
[loading /modules/java.base/java/lang/invoke/CallSite.class]
[wrote target\classes\Algos\CacheClient.class]
[checking Algos.CacheContext]
[wrote target\classes\Algos\CacheContext.class]
[checking Algos.CacheGUI]
[loading /modules/java.base/java/lang/Class.class]
[loading /modules/java.base/java/util/Set.class]
[loading /modules/java.desktop/java/awt/PopupMenu.class]
[loading /modules/java.desktop/java/awt/Menu.class]
[loading /modules/java.desktop/java/awt/MenuItem.class]
[loading /modules/java.desktop/java/awt/MenuComponent.class]
[loading /modules/java.base/java/util/ResourceBundle.class]
[loading /modules/java.desktop/java/awt/event/FocusEvent.class]
[loading /modules/java.desktop/java/awt/event/FocusEvent$Cause.class]
[loading /modules/java.base/java/lang/Enum.class]
[loading /modules/java.desktop/java/awt/Cursor.class]
[loading /modules/java.desktop/java/beans/ConstructorProperties.class]
[loading /modules/java.desktop/java/awt/GraphicsConfiguration.class]
[loading /modules/java.desktop/java/awt/BorderLayout.class]
[loading /modules/java.desktop/java/awt/LayoutManager.class]
[loading /modules/java.desktop/java/awt/LayoutManager2.class]
[loading /modules/java.desktop/javax/swing/JPanel.class]
[loading /modules/java.base/java/util/Vector.class]
[loading /modules/java.desktop/javax/swing/ComboBoxModel.class]
[loading /modules/java.desktop/java/awt/ItemSelectable.class]
[loading /modules/java.desktop/javax/swing/event/ListDataListener.class]
[loading /modules/java.base/java/util/EventListener.class]
[loading /modules/java.desktop/java/awt/event/ActionListener.class]
[loading /modules/java.desktop/javax/swing/JComponent.class]
[loading /modules/java.desktop/java/awt/event/ActionEvent.class]
[loading /modules/java.desktop/javax/swing/JLabel.class]
[loading /modules/java.desktop/javax/swing/Icon.class]
[loading /modules/java.desktop/javax/swing/JButton.class]
[loading /modules/java.desktop/javax/swing/Action.class]
[loading /modules/java.desktop/javax/swing/text/JTextComponent.class]
[loading /modules/java.desktop/javax/swing/AbstractButton.class]
[loading /modules/java.desktop/javax/swing/Scrollable.class]
[loading /modules/java.desktop/javax/swing/JScrollPane.class]
[loading /modules/java.desktop/javax/swing/SwingConstants.class]
[loading /modules/java.base/java/io/Externalizable.class]
src\main\java\Algos\CacheGUI.java:7: warning: [serial] serializable class CacheGUI has no definition of serialVersionUID
public class CacheGUI extends JFrame {
       ^
src\main\java\Algos\CacheGUI.java:8: warning: [serial] non-transient instance field of a serializable class declared with a 
non-serializable type
    private CacheContext context;
                         ^
[loading /modules/java.desktop/java/awt/HeadlessException.class]
[loading /modules/java.base/java/lang/UnsupportedOperationException.class]
src\main\java\Algos\CacheGUI.java:16: warning: [this-escape] possible 'this' escape before subclass is fully initialized
        initializeGUI();
                     ^
src\main\java\Algos\CacheGUI.java:20: warning: [this-escape] previous possible 'this' escape happens here via invocation
        setLayout(new BorderLayout());
                 ^
[loading /modules/java.base/java/lang/invoke/LambdaMetafactory.class]
[loading /modules/java.base/java/lang/invoke/MethodHandle.class]
[wrote target\classes\Algos\CacheGUI.class]
[checking Algos.CacheServer]
[loading /modules/java.base/java/net/ServerSocket.class]
[loading /modules/java.base/java/net/SocketImpl.class]
[wrote target\classes\Algos\CacheServer.class]
[checking Algos.LRUCache]
[loading /modules/java.base/java/util/AbstractMap.class]
[loading /modules/java.base/java/lang/Cloneable.class]
[loading /modules/java.base/java/util/SequencedMap.class]
[loading /modules/java.base/java/util/Map$Entry.class]
[loading /modules/java.base/java/util/function/BiFunction.class]
[loading /modules/java.base/java/util/function/BiConsumer.class]
[loading /modules/java.base/java/util/SequencedSet.class]
[loading /modules/java.base/java/util/SequencedCollection.class]
[loading /modules/java.base/java/util/Collection.class]
[loading /modules/java.base/java/util/function/Function.class]
[loading /modules/java.base/java/lang/CloneNotSupportedException.class]
[wrote target\classes\Algos\LRUCache$1.class]
[wrote target\classes\Algos\LRUCache.class]
[checking Algos.Main]
[loading /modules/java.desktop/javax/swing/SwingUtilities.class]
[loading /modules/java.base/java/lang/Runnable.class]
[wrote target\classes\Algos\Main.class]
[checking Algos.RandomCache]
[loading /modules/java.base/java/util/AbstractList.class]
[loading /modules/java.base/java/util/AbstractCollection.class]
[loading /modules/java.base/java/lang/Iterable.class]
[loading /modules/java.base/java/util/random/RandomGenerator.class]
[wrote target\classes\Algos\RandomCache.class]
[checking Algos.SecondChanceCache]
[wrote target\classes\Algos\SecondChanceCache.class]
[total 763ms]
5 warnings
